{
  "input": {
    "agent": {
      "id": "test-agent-001",
      "name": "Test Agent",
      "capabilities": [
        "text-processing",
        "data-analysis",
        "code-review"
      ]
    },
    "task": {
      "id": "task-001",
      "kind": "analysis",
      "input": {
        "code": "console.log(\"Hello, World!\");",
        "language": "javascript"
      },
      "budget": {
        "wallClockMs": 5000,
        "maxSteps": 10
      }
    }
  },
  "output": {
    "status": "completed",
    "result": {
      "code": "console.log(\"Hello, World!\");",
      "language": "javascript"
    },
    "agent": "test-agent-001"
  },
  "metadata": {
    "seed": 12345,
    "testType": "regression",
    "version": "1.0.0"
  },
  "timestamp": 1756323507522,
  "seed": 12345,
  "nodeVersion": "v24.6.0"
}